
==================================================
python : Traceback (most recent call last):
At line:1 char:24
+ ... nv:PYTHONPATH = "."; python 
test_fyers_data.py > test_output.txt 2>&1
+                          ~~~~~~~~~~~~~~~~~~~~
~~~~~~~~~~~~~~~~~~~~~~~~~~~~
    + CategoryInfo          : NotSpecified: (T 
   raceback (most recent call last)::String)   
  [], RemoteException
    + FullyQualifiedErrorId : NativeCommandErr 
   or
 
  File "C:\Users\USER\Desktop\desktop-app\test_
fyers_data.py", line 152, in <module>
    test_connectivity()
  File "C:\Users\USER\Desktop\desktop-app\test_
fyers_data.py", line 24, in test_connectivity
    print("\U0001f680 STARTING FYERS 
CONNECTION TEST")
  File "C:\Users\USER\AppData\Local\Programs\Py
thon\Python312\Lib\encodings\cp1252.py", line 
19, in encode
    return codecs.charmap_encode(input,self.err
ors,encoding_table)[0]
           ^^^^^^^^^^^^^^^^^^^^^^^^^^^^^^^^^^^^
^^^^^^^^^^^^^^^^^^^
UnicodeEncodeError: 'charmap' codec can't 
encode character '\U0001f680' in position 0: 
character maps to <undefined>
